
> nextn@0.1.0 build
> next build

   Ôû▓ Next.js 15.5.7
   - Environments: .env.local, .env

   Creating an optimized production build ...
> [PWA] Compile server
> [PWA] Compile server
> [PWA] Compile client (static)
> [PWA] Auto register service worker with: C:\Users\Guelo\Downloads\AYLF_APP\aylf-group-tracker-main\node_modules\next-pwa\register.js
> [PWA] Service worker: C:\Users\Guelo\Downloads\AYLF_APP\aylf-group-tracker-main\public\sw.js
> [PWA]   url: /sw.js
> [PWA]   scope: /
 Ô£ô Compiled successfully in 43s
   Linting and checking validity of types ...
   Collecting page data ...
node.exe : Error: A "use server" file can only export async functions, found 
object.
Au caractère C:\nvm4w\nodejs\npm.ps1:29 : 3
+   & $NODE_EXE $NPM_CLI_JS $args
+   ~~~~~~~~~~~~~~~~~~~~~~~~~~~~~
    + CategoryInfo          : NotSpecified: (Error: A "use s..., found object.:S 
   tring) [], RemoteException
    + FullyQualifiedErrorId : NativeCommandError
 
Read more: https://nextjs.org/docs/messages/invalid-use-server-value
    at c (C:\Users\Guelo\Downloads\AYLF_APP\aylf-group-tracker-main\.next\server\
app\api\budget\available\route.js:1:5259)
    at 19001 (C:\Users\Guelo\Downloads\AYLF_APP\aylf-group-tracker-main\.next\ser
ver\app\api\upload\route.js:1:2743)
    at c (C:\Users\Guelo\Downloads\AYLF_APP\aylf-group-tracker-main\.next\server\
webpack-runtime.js:1:143)
    at 37011 (C:\Users\Guelo\Downloads\AYLF_APP\aylf-group-tracker-main\.next\ser
ver\app\api\upload\route.js:1:3637)
    at c (C:\Users\Guelo\Downloads\AYLF_APP\aylf-group-tracker-main\.next\server\
webpack-runtime.js:1:143)
    at <unknown> (C:\Users\Guelo\Downloads\AYLF_APP\aylf-group-tracker-main\.next
\server\app\api\upload\route.js:2:5551)
    at c.X (C:\Users\Guelo\Downloads\AYLF_APP\aylf-group-tracker-main\.next\serve
r\webpack-runtime.js:1:1285)
    at <unknown> (C:\Users\Guelo\Downloads\AYLF_APP\aylf-group-tracker-main\.next
\server\app\api\upload\route.js:2:5507)
    at Object.<anonymous> (C:\Users\Guelo\Downloads\AYLF_APP\aylf-group-tracker-m
ain\.next\server\app\api\upload\route.js:2:5583)

> Build error occurred
[Error: Failed to collect page data for /api/upload] { type: 'Error' }
