
[1m[46m RUN [49m[22m [36mv3.2.4 [39m[90mC:/Users/Guelo/Downloads/AYLF_APP/aylf-group-tracker-main[39m

[90mstdout[2m | tests/services/allocations.test.ts
[22m[39mTest environment initialized

node.exe : [90mstderr[2m | tests/services/allocations.test.ts[2m > [22m[2mHybrid Fund Allocation System[2m > 
[22m[2mUpdate & Delete Operations[2m > [22m[2mshould allow National Coordinator to update allocation
Au caractère C:\nvm4w\nodejs\npx.ps1:29 : 3
+   & $NODE_EXE $NPX_CLI_JS $args
+   ~~~~~~~~~~~~~~~~~~~~~~~~~~~~~
    + CategoryInfo          : NotSpecified: ([90mstderr[2m...date allocation:String) [], RemoteException
    + FullyQualifiedErrorId : NativeCommandError
 
[22m[39m[AllocationService] DEBUG: updateAllocation kindeUser.id: nc-user-123

[90mstderr[2m | tests/services/allocations.test.ts[2m > [22m[2mHybrid Fund Allocation System[2m > 
[22m[2mUpdate & Delete Operations[2m > [22m[2mshould allow National Coordinator to update allocation
[22m[39m[AllocationService] DEBUG: updateAllocation profile fetched: 
{"id":"nc-user-123","role":"NATIONAL_COORDINATOR","siteId":null,"name":"National Coordinator"}

[90mstdout[2m | tests/services/allocations.test.ts[2m > [22m[2mHybrid Fund Allocation System[2m > [22m[2mUpdate & Delete Operations[2m > [22m[2mshould allow National Coordinator to update allocation
[22m[39m[AllocationService] DEBUG: existing allocation found: [33mtrue[39m

[90mstderr[2m | tests/services/allocations.test.ts[2m > [22m[2mHybrid Fund Allocation System[2m > 
[22m[2mUpdate & Delete Operations[2m > [22m[2mshould allow National Coordinator to update allocation
[22m[39m[AllocationService] Update FATAL ERROR: Error: Invariant: static generation store missing in revalidatePath 
/dashboard/finances
    at revalidate [90m(C:\Users\Guelo\Downloads\AYLF_APP\aylf-group-tracker-main\[39mnode_modules\[4mnext[24m\src\
server\web\spec-extension\revalidate.ts:89:11[90m)[39m
    at revalidatePath [90m(C:\Users\Guelo\Downloads\AYLF_APP\aylf-group-tracker-main\[39mnode_modules\[4mnext[24m\
src\server\web\spec-extension\revalidate.ts:83:10[90m)[39m
    at __vite_ssr_import_0__.basePrisma.$transaction.timeout [90m(C:\Users\Guelo\Downloads\AYLF_APP\aylf-group-tracke
r-main\[39msrc\services\allocations.service.ts:483:9[90m)[39m
[90m    at processTicksAndRejections (node:internal/process/task_queues:105:5)[39m
    at Object.<anonymous> [90m(C:\Users\Guelo\Downloads\AYLF_APP\aylf-group-tracker-main\[39mtests\services\allocati
ons.test.ts:47:20[90m)[39m
[AllocationService] Update Error: Invariant: static generation store missing in revalidatePath /dashboard/finances

[90mstdout[2m | tests/services/allocations.test.ts
[22m[39mTest environment cleanup complete

 [31mÔØ»[39m tests/services/allocations.test.ts [2m([22m[2m23 tests[22m[2m | [22m[31m1 failed[39m[2m | [22m[33m22 skipped[39m[2m)[22m[32m 68[2mms[22m[39m
   [2m[90mÔåô[39m[22m Hybrid Fund Allocation System[2m > [22mNC - Hierarchical Allocation (NC ÔåÆ Site)[2m > [22mshould create hierarchical allocation to Site successfully
   [2m[90mÔåô[39m[22m Hybrid Fund Allocation System[2m > [22mNC - Hierarchical Allocation (NC ÔåÆ Site)[2m > [22mshould reject hierarchical NC allocation without siteId
   [2m[90mÔåô[39m[22m Hybrid Fund Allocation System[2m > [22mNC - Hierarchical Allocation (NC ÔåÆ Site)[2m > [22mshould reject hierarchical NC allocation with smallGroupId
   [2m[90mÔåô[39m[22m Hybrid Fund Allocation System[2m > [22mNC - Direct Allocation (NC ÔåÆ Small Group)[2m > [22mshould create direct allocation to Small Group with valid justification
   [2m[90mÔåô[39m[22m Hybrid Fund Allocation System[2m > [22mNC - Direct Allocation (NC ÔåÆ Small Group)[2m > [22mshould reject direct allocation without bypassReason
   [2m[90mÔåô[39m[22m Hybrid Fund Allocation System[2m > [22mNC - Direct Allocation (NC ÔåÆ Small Group)[2m > [22mshould reject direct allocation with short bypassReason (<20 chars)
   [2m[90mÔåô[39m[22m Hybrid Fund Allocation System[2m > [22mNC - Direct Allocation (NC ÔåÆ Small Group)[2m > [22mshould reject direct allocation without smallGroupId
   [2m[90mÔåô[39m[22m Hybrid Fund Allocation System[2m > [22mSC - Hierarchical Allocation (SC ÔåÆ Small Group)[2m > [22mshould create hierarchical allocation to Small Group within site
   [2m[90mÔåô[39m[22m Hybrid Fund Allocation System[2m > [22mSC - Hierarchical Allocation (SC ÔåÆ Small Group)[2m > [22mshould reject SC allocation without smallGroupId
   [2m[90mÔåô[39m[22m Hybrid Fund Allocation System[2m > [22mSC - Hierarchical Allocation (SC ÔåÆ Small Group)[2m > [22mshould reject SC allocation to Small Group from another site
   [2m[90mÔåô[39m[22m Hybrid Fund Allocation System[2m > [22mSC - Hierarchical Allocation (SC ÔåÆ Small Group)[2m > [22mshould reject SC without assigned site
   [2m[90mÔåô[39m[22m Hybrid Fund Allocation System[2m > [22mAuthentication & Authorization[2m > [22mshould reject unauthenticated requests
   [2m[90mÔåô[39m[22m Hybrid Fund Allocation System[2m > [22mAuthentication & Authorization[2m > [22mshould reject users without profile
   [2m[90mÔåô[39m[22m Hybrid Fund Allocation System[2m > [22mAuthentication & Authorization[2m > [22mshould reject unauthorized roles (e.g., SMALL_GROUP_LEADER)
[31m   [31m├ù[31m Hybrid Fund Allocation System[2m > [22mUpdate & Delete Operations[2m > [22mshould allow National Coordinator to update allocation[39m[32m 58[2mms[22m[39m
[31m     ÔåÆ expected false to be true // Object.is equality[39m
   [2m[90mÔåô[39m[22m Hybrid Fund Allocation System[2m > [22mUpdate & Delete Operations[2m > [22mshould reject Site Coordinator from updating allocation
   [2m[90mÔåô[39m[22m Hybrid Fund Allocation System[2m > [22mUpdate & Delete Operations[2m > [22mshould allow National Coordinator to delete allocation
   [2m[90mÔåô[39m[22m Hybrid Fund Allocation System[2m > [22mUpdate & Delete Operations[2m > [22mshould reject Site Coordinator from deleting allocation
   [2m[90mÔåô[39m[22m Hybrid Fund Allocation System[2m > [22mUpdate & Delete Operations[2m > [22mshould reject changing allocationType after creation
   [2m[90mÔåô[39m[22m Hybrid Fund Allocation System[2m > [22mUpdate & Delete Operations[2m > [22mshould enforce 20 chars bypassReason when updating direct allocation
   [2m[90mÔåô[39m[22m Hybrid Fund Allocation System[2m > [22mRead Operations with RLS Context[2m > [22mshould list allocations within RLS context
   [2m[90mÔåô[39m[22m Hybrid Fund Allocation System[2m > [22mRead Operations with RLS Context[2m > [22mshould get single allocation within RLS context
   [2m[90mÔåô[39m[22m Hybrid Fund Allocation System[2m > [22mRead Operations with RLS Context[2m > [22mshould reject unauthenticated read access for single allocation

[31mÔÄ»ÔÄ»ÔÄ»ÔÄ»ÔÄ»ÔÄ»ÔÄ»[39m[1m[41m Failed Tests 1 [49m[22m[31mÔÄ»ÔÄ»ÔÄ»ÔÄ»ÔÄ»ÔÄ»ÔÄ»[39m

[41m[1m FAIL [22m[49m tests/services/allocations.test.ts[2m > [22mHybrid Fund Allocation System[2m > 
[22mUpdate & Delete Operations[2m > [22mshould allow National Coordinator to update allocation
[31m[1mAssertionError[22m: expected false to be true // Object.is equality[39m

[32m- Expected[39m
[31m+ Received[39m

[32m- true[39m
[31m+ false[39m

[36m [2mÔØ»[22m tests/services/allocations.test.ts:[2m640:36[22m[39m
    [90m638| [39m            [35mconst[39m result [33m=[39m [35mawait[39m 
[34mupdateAllocation[39m(mockID[33m,[39m updateData)[33m;[39m
    [90m639| [39m
    [90m640| [39m            
[34mexpect[39m(result[33m.[39msuccess)[33m.[39m[34mtoBe[39m([35mtrue[39m)[33m;[39m
    [90m   | [39m                                   [31m^[39m
    [90m641| [39m            
[34mexpect[39m(mockPrisma[33m.[39mprofile[33m.[39mfindUnique)[33m.[39m[34mtoHaveBeenCalledWith[39m(
    [90m642| [39m                expect.objectContaining({ where: { id: mockNCUser.id }ÔÇª

[31m[2mÔÄ»ÔÄ»ÔÄ»ÔÄ»ÔÄ»ÔÄ»ÔÄ»ÔÄ»ÔÄ»ÔÄ»ÔÄ»ÔÄ»ÔÄ»ÔÄ»ÔÄ»ÔÄ»ÔÄ»ÔÄ»ÔÄ»ÔÄ»ÔÄ»ÔÄ»ÔÄ»ÔÄ»[1/1]ÔÄ»[22m[39m


[2m Test Files [22m [1m[31m1 failed[39m[22m[90m (1)[39m
[2m      Tests [22m [1m[31m1 failed[39m[22m[2m | [22m[33m22 skipped[39m[90m (23)[39m
[2m   Start at [22m 17:08:58
[2m   Duration [22m 11.32s[2m (transform 1.54s, setup 600ms, collect 7.50s, tests 68ms, environment 1ms, prepare 1.07s)[22m

